2
false
true
2 false true
金风玉露一相逢，便胜却人间无数
金风玉露一相逢，便胜却人间无数
