---
source: src/tokenize/keywords.rs
expression: "&keys"
---
[
    [
        '吾',
        '有',
    ],
    [
        '今',
        '有',
    ],
    [
        '書',
        '之',
    ],
    [
        '名',
        '之',
    ],
    [
        '有',
    ],
    [
        '數',
    ],
    [
        '言',
    ],
    [
        '曰',
    ],
    [
        '加',
    ],
    [
        '減',
    ],
    [
        '乘',
    ],
    [
        '負',
    ],
    [
        '又',
    ],
    [
        '零',
    ],
    [
        '〇',
    ],
    [
        '一',
    ],
    [
        '二',
    ],
    [
        '三',
    ],
    [
        '四',
    ],
    [
        '五',
    ],
    [
        '六',
    ],
    [
        '七',
    ],
    [
        '八',
    ],
    [
        '九',
    ],
    [
        '十',
    ],
    [
        '百',
    ],
    [
        '千',
    ],
    [
        '萬',
    ],
    [
        '億',
    ],
    [
        '兆',
    ],
    [
        '京',
    ],
    [
        '垓',
    ],
    [
        '秭',
    ],
    [
        '穰',
    ],
    [
        '溝',
    ],
    [
        '澗',
    ],
    [
        '正',
    ],
    [
        '載',
    ],
    [
        '極',
    ],
    [
        '分',
    ],
    [
        '釐',
    ],
    [
        '毫',
    ],
    [
        '絲',
    ],
    [
        '忽',
    ],
    [
        '微',
    ],
    [
        '纖',
    ],
    [
        '沙',
    ],
    [
        '塵',
    ],
    [
        '埃',
    ],
    [
        '渺',
    ],
    [
        '漠',
    ],
]
