---
source: src/tokenize/scanner.rs
expression: tokens
---
- value: String
  span:
    start: 0
    end: 23
  line: 1
- value: Eof
  span:
    start: 23
    end: 23
  line: 1

