---
source: src/tokenize/scanner.rs
expression: tokens
---
- value:
    Error: unterminated string.
  span:
    start: 0
    end: 17
  line: 1
- value:
    Error: Unexpected character.
  span:
    start: 17
    end: 20
  line: 1
- value: Eof
  span:
    start: 20
    end: 20
  line: 1

