---
source: src/tokenize/scanner.rs
expression: tokens
---
- value: Number
  span:
    start: 0
    end: 11
  line: 1
- value: Eof
  span:
    start: 11
    end: 11
  line: 1

