---
source: src/tokenize/scanner.rs
expression: tokens
---
- value: Number
  span:
    start: 0
    end: 15
  line: 1
- value: Eof
  span:
    start: 15
    end: 15
  line: 1

